// Jest Snapshot v1, https://goo.gl/fbAQLP

exports[`CabinOptions matches snapshot 1`] = `
<DocumentFragment>
  <button
    class="MuiButtonBase-root MuiButton-root MuiButton-text MuiButton-textPrimary MuiButton-sizeMedium MuiButton-textSizeMedium MuiButton-colorPrimary MuiButton-root MuiButton-text MuiButton-textPrimary MuiButton-sizeMedium MuiButton-textSizeMedium MuiButton-colorPrimary css-1ak7fun-MuiButtonBase-root-MuiButton-root"
    tabindex="0"
    type="button"
  >
    <span
      class="MuiButtonBase-root MuiRadio-root MuiRadio-colorPrimary PrivateSwitchBase-root MuiRadio-root MuiRadio-colorPrimary MuiRadio-root MuiRadio-colorPrimary css-13lvt8g-MuiButtonBase-root-MuiRadio-root"
    >
      <input
        class="PrivateSwitchBase-input css-j8yymo"
        type="radio"
        value=""
      />
      <span
        class="css-1qiat4j"
      >
        <svg
          aria-hidden="true"
          class="MuiSvgIcon-root MuiSvgIcon-fontSizeMedium css-1bz1rr0-MuiSvgIcon-root"
          data-testid="RadioButtonUncheckedIcon"
          focusable="false"
          viewBox="0 0 24 24"
        >
          <path
            d="M12 2C6.48 2 2 6.48 2 12s4.48 10 10 10 10-4.48 10-10S17.52 2 12 2zm0 18c-4.42 0-8-3.58-8-8s3.58-8 8-8 8 3.58 8 8-3.58 8-8 8z"
          />
        </svg>
        <svg
          aria-hidden="true"
          class="MuiSvgIcon-root MuiSvgIcon-fontSizeMedium css-o8rdeq-MuiSvgIcon-root"
          data-testid="RadioButtonCheckedIcon"
          focusable="false"
          viewBox="0 0 24 24"
        >
          <path
            d="M8.465 8.465C9.37 7.56 10.62 7 12 7C14.76 7 17 9.24 17 12C17 13.38 16.44 14.63 15.535 15.535C14.63 16.44 13.38 17 12 17C9.24 17 7 14.76 7 12C7 10.62 7.56 9.37 8.465 8.465Z"
          />
        </svg>
      </span>
    </span>
    <p
      class="MuiTypography-root MuiTypography-body1 css-1luxhcg-MuiTypography-root"
    >
      Economy
    </p>
    <div
      class="MuiBox-root css-aqbzds"
    >
      <p
        class="MuiTypography-root MuiTypography-body1 css-mkiahx-MuiTypography-root"
      >
        Yolcu Basina
      </p>
      <p
        class="MuiTypography-root MuiTypography-body1 css-3kdse5-MuiTypography-root"
      >
        USD 100
      </p>
    </div>
    <svg
      aria-hidden="true"
      class="MuiSvgIcon-root MuiSvgIcon-fontSizeMedium css-8n04zg-MuiSvgIcon-root"
      data-testid="ExpandMoreIcon"
      focusable="false"
      viewBox="0 0 24 24"
    >
      <path
        d="M16.59 8.59 12 13.17 7.41 8.59 6 10l6 6 6-6z"
      />
    </svg>
  </button>
</DocumentFragment>
`;
