// Jest Snapshot v1, https://goo.gl/fbAQLP

exports[`FlightItem matches snapshot 1`] = `
<DocumentFragment>
  <div
    class="MuiBox-root css-0"
  >
    <div
      class="MuiBox-root css-10egq61"
    >
      <div
        class="MuiBox-root css-1sd21uz"
      >
        <div
          class="MuiBox-root css-17rqx3h"
        >
          <div
            class="MuiBox-root css-0"
          >
            <p
              class="MuiTypography-root MuiTypography-body1 css-3kdse5-MuiTypography-root"
            >
              10:00 AM
            </p>
            <p
              class="MuiTypography-root MuiTypography-body1 css-fp2ujc-MuiTypography-root"
            >
              IST
            </p>
            <p
              class="MuiTypography-root MuiTypography-body1 css-14s8yo4-MuiTypography-root"
            >
              Istanbul
            </p>
          </div>
          <hr
            class="MuiDivider-root MuiDivider-fullWidth css-35cizu-MuiDivider-root"
          />
          <div
            class="MuiBox-root css-s2uf1z"
          >
            <p
              class="MuiTypography-root MuiTypography-body1 css-3kdse5-MuiTypography-root"
            >
              12:30 PM
            </p>
            <p
              class="MuiTypography-root MuiTypography-body1 css-fp2ujc-MuiTypography-root"
            >
              AYT
            </p>
            <p
              class="MuiTypography-root MuiTypography-body1 css-14s8yo4-MuiTypography-root"
            >
              Antalya
            </p>
          </div>
        </div>
        <div
          class="MuiBox-root css-1n8brx5"
        >
          <p
            class="MuiTypography-root MuiTypography-body1 MuiTypography-noWrap css-o6dx9f-MuiTypography-root"
          >
            Uçuş Süresi
          </p>
          <p
            class="MuiTypography-root MuiTypography-body1 css-izap9d-MuiTypography-root"
          >
            5h 30m
          </p>
        </div>
      </div>
      <button
        class="MuiButtonBase-root MuiButton-root MuiButton-text MuiButton-textPrimary MuiButton-sizeMedium MuiButton-textSizeMedium MuiButton-colorPrimary MuiButton-root MuiButton-text MuiButton-textPrimary MuiButton-sizeMedium MuiButton-textSizeMedium MuiButton-colorPrimary css-1ak7fun-MuiButtonBase-root-MuiButton-root"
        tabindex="0"
        type="button"
      >
        <span
          class="MuiButtonBase-root MuiRadio-root MuiRadio-colorPrimary PrivateSwitchBase-root MuiRadio-root MuiRadio-colorPrimary MuiRadio-root MuiRadio-colorPrimary css-13lvt8g-MuiButtonBase-root-MuiRadio-root"
        >
          <input
            class="PrivateSwitchBase-input css-j8yymo"
            type="radio"
            value="ECONOMY-0"
          />
          <span
            class="css-1qiat4j"
          >
            <svg
              aria-hidden="true"
              class="MuiSvgIcon-root MuiSvgIcon-fontSizeMedium css-1bz1rr0-MuiSvgIcon-root"
              data-testid="RadioButtonUncheckedIcon"
              focusable="false"
              viewBox="0 0 24 24"
            >
              <path
                d="M12 2C6.48 2 2 6.48 2 12s4.48 10 10 10 10-4.48 10-10S17.52 2 12 2zm0 18c-4.42 0-8-3.58-8-8s3.58-8 8-8 8 3.58 8 8-3.58 8-8 8z"
              />
            </svg>
            <svg
              aria-hidden="true"
              class="MuiSvgIcon-root MuiSvgIcon-fontSizeMedium css-o8rdeq-MuiSvgIcon-root"
              data-testid="RadioButtonCheckedIcon"
              focusable="false"
              viewBox="0 0 24 24"
            >
              <path
                d="M8.465 8.465C9.37 7.56 10.62 7 12 7C14.76 7 17 9.24 17 12C17 13.38 16.44 14.63 15.535 15.535C14.63 16.44 13.38 17 12 17C9.24 17 7 14.76 7 12C7 10.62 7.56 9.37 8.465 8.465Z"
              />
            </svg>
          </span>
        </span>
        <p
          class="MuiTypography-root MuiTypography-body1 css-1luxhcg-MuiTypography-root"
        >
          Economy
        </p>
        <div
          class="MuiBox-root css-aqbzds"
        >
          <p
            class="MuiTypography-root MuiTypography-body1 css-mkiahx-MuiTypography-root"
          >
            Yolcu Basina
          </p>
          <p
            class="MuiTypography-root MuiTypography-body1 css-3kdse5-MuiTypography-root"
          >
            TRY 100
          </p>
        </div>
        <svg
          aria-hidden="true"
          class="MuiSvgIcon-root MuiSvgIcon-fontSizeMedium css-8n04zg-MuiSvgIcon-root"
          data-testid="ExpandMoreIcon"
          focusable="false"
          viewBox="0 0 24 24"
        >
          <path
            d="M16.59 8.59 12 13.17 7.41 8.59 6 10l6 6 6-6z"
          />
        </svg>
      </button>
      <button
        class="MuiButtonBase-root MuiButton-root MuiButton-text MuiButton-textPrimary MuiButton-sizeMedium MuiButton-textSizeMedium MuiButton-colorPrimary MuiButton-root MuiButton-text MuiButton-textPrimary MuiButton-sizeMedium MuiButton-textSizeMedium MuiButton-colorPrimary css-1ak7fun-MuiButtonBase-root-MuiButton-root"
        tabindex="0"
        type="button"
      >
        <span
          class="MuiButtonBase-root MuiRadio-root MuiRadio-colorPrimary PrivateSwitchBase-root MuiRadio-root MuiRadio-colorPrimary MuiRadio-root MuiRadio-colorPrimary css-13lvt8g-MuiButtonBase-root-MuiRadio-root"
        >
          <input
            class="PrivateSwitchBase-input css-j8yymo"
            type="radio"
            value="BUSINESS-0"
          />
          <span
            class="css-1qiat4j"
          >
            <svg
              aria-hidden="true"
              class="MuiSvgIcon-root MuiSvgIcon-fontSizeMedium css-1bz1rr0-MuiSvgIcon-root"
              data-testid="RadioButtonUncheckedIcon"
              focusable="false"
              viewBox="0 0 24 24"
            >
              <path
                d="M12 2C6.48 2 2 6.48 2 12s4.48 10 10 10 10-4.48 10-10S17.52 2 12 2zm0 18c-4.42 0-8-3.58-8-8s3.58-8 8-8 8 3.58 8 8-3.58 8-8 8z"
              />
            </svg>
            <svg
              aria-hidden="true"
              class="MuiSvgIcon-root MuiSvgIcon-fontSizeMedium css-o8rdeq-MuiSvgIcon-root"
              data-testid="RadioButtonCheckedIcon"
              focusable="false"
              viewBox="0 0 24 24"
            >
              <path
                d="M8.465 8.465C9.37 7.56 10.62 7 12 7C14.76 7 17 9.24 17 12C17 13.38 16.44 14.63 15.535 15.535C14.63 16.44 13.38 17 12 17C9.24 17 7 14.76 7 12C7 10.62 7.56 9.37 8.465 8.465Z"
              />
            </svg>
          </span>
        </span>
        <p
          class="MuiTypography-root MuiTypography-body1 css-1luxhcg-MuiTypography-root"
        >
          Business
        </p>
        <div
          class="MuiBox-root css-aqbzds"
        >
          <p
            class="MuiTypography-root MuiTypography-body1 css-mkiahx-MuiTypography-root"
          >
            Yolcu Basina
          </p>
          <p
            class="MuiTypography-root MuiTypography-body1 css-3kdse5-MuiTypography-root"
          >
            TRY 200
          </p>
        </div>
        <svg
          aria-hidden="true"
          class="MuiSvgIcon-root MuiSvgIcon-fontSizeMedium css-8n04zg-MuiSvgIcon-root"
          data-testid="ExpandMoreIcon"
          focusable="false"
          viewBox="0 0 24 24"
        >
          <path
            d="M16.59 8.59 12 13.17 7.41 8.59 6 10l6 6 6-6z"
          />
        </svg>
      </button>
    </div>
  </div>
</DocumentFragment>
`;
