// Jest Snapshot v1, https://goo.gl/fbAQLP

exports[`FlightsContainer matches snapshot 1`] = `
<DocumentFragment>
  <div
    class="MuiBox-root css-1thbhei"
  >
    <div>
      Test Child
    </div>
  </div>
</DocumentFragment>
`;
