// Jest Snapshot v1, https://goo.gl/fbAQLP

exports[`withSuspense matches snapshot 1`] = `
<DocumentFragment>
  <div>
    Mock Component
  </div>
</DocumentFragment>
`;
