// Jest Snapshot v1, https://goo.gl/fbAQLP

exports[`ResultSuccess Component ResultSuccess matches snapshot 1`] = `
<DocumentFragment>
  <div
    class="MuiBox-root css-0"
  >
    <div
      class="MuiBox-root css-1ri905o"
    >
      <svg
        aria-hidden="true"
        class="MuiSvgIcon-root MuiSvgIcon-colorSuccess MuiSvgIcon-fontSizeMedium css-y0m7b1-MuiSvgIcon-root"
        data-testid="CheckCircleIcon"
        focusable="false"
        viewBox="0 0 24 24"
      >
        <path
          d="M12 2C6.48 2 2 6.48 2 12s4.48 10 10 10 10-4.48 10-10S17.52 2 12 2m-2 15-5-5 1.41-1.41L10 14.17l7.59-7.59L19 8z"
        />
      </svg>
      <p
        class="MuiTypography-root MuiTypography-body1 css-zp3nss-MuiTypography-root"
      >
        Kabin seciminiz tamamlandi.
      </p>
    </div>
    <div
      class="MuiBox-root css-7wisrc"
    >
      <p
        class="MuiTypography-root MuiTypography-body1 css-12i2tiu-MuiTypography-root"
      >
        Toplam Tutar
      </p>
      <p
        class="MuiTypography-root MuiTypography-body1 css-3k8414-MuiTypography-root"
      >
        TRY 100 
      </p>
    </div>
  </div>
</DocumentFragment>
`;
